export const snapshot = {};

snapshot[`Integration 1`] = `
'var foo = bar;
var baz = "hello world";
var alpha = 5454.454;
var beta = null;
var gamma = null;'
`;

snapshot[`Integration 2`] = `
'foo(true)
bar()
var foo = hello(34,"world");'
`;

snapshot[`Integration 3`] = `
"var foo = -5;
var bar = !false;
var baz = !!true;"
`;

snapshot[`Integration 4`] = `
"var foo = 5 * 10;
var bar = 5 * (10 / 2);
var baz = 5 * (10 / 2);"
`;

snapshot[`Integration 5`] = `
"var foo = 2 + (10 / 2);
var bar = (2 + 10) / 2;"
`;

snapshot[`Integration 6`] = `
'10 != 6
"a" >= "b"
6 < 4
foo != bar'
`;

snapshot[`Integration 7`] = `
"6 || null
(6 && null) || bar"
`;

snapshot[`Integration 8`] = `
"var one = foo.bar;
var two = foo.bar.baz.troll;"
`;

snapshot[`Integration 9`] = `
"var one = newPoint(2,0).y;
var two = foo.bar().baz;
var three = foo().bar().baz();
var four = foo.bar.baz();"
`;

snapshot[`Integration 10`] = `"newPoint(x,2,0).y = 3"`;

snapshot[`Integration 11`] = `
"{
  newPoint(x,2,0).y = 3;var tan = 7;
}"
`;

snapshot[`Integration 12`] = `
"while (foo < 4) {
  i + 1;foo + 1
}"
`;

snapshot[`Integration 13`] = `"while (i < 10) i + 1"`;

snapshot[`Integration 14`] = `"return foo < bar;"`;

snapshot[`Integration 15`] = `'console.log("hello world")'`;
